#-----------------------------------------------------------
# Vivado v2017.4 (64-bit)
# SW Build 2086221 on Fri Dec 15 20:54:30 MST 2017
# IP Build 2085800 on Fri Dec 15 22:25:07 MST 2017
# Start of session at: Mon Jan 28 17:28:30 2019
# Process ID: 11175
# Current directory: /home/iavendano/RISC-V-On-PYNQ-Flute/riscvonpynq/picorv32/tut/tutorial
# Command line: vivado tutorial.xpr
# Log file: /home/iavendano/RISC-V-On-PYNQ-Flute/riscvonpynq/picorv32/tut/tutorial/vivado.log
# Journal file: /home/iavendano/RISC-V-On-PYNQ-Flute/riscvonpynq/picorv32/tut/tutorial/vivado.jou
#-----------------------------------------------------------
start_gui
open_project tutorial.xpr
update_compile_order -fileset sources_1
open_bd_design {/home/iavendano/RISC-V-On-PYNQ-Flute/riscvonpynq/picorv32/tut/tutorial/tutorial.srcs/sources_1/bd/tutorial/tutorial.bd}
set_property location {1.5 1090 199} [get_bd_cells tutorialProcessor/fluterv64_tut_0]
set_property location {2 1410 183} [get_bd_cells tutorialProcessor/fluterv64_tut_0]
set_property location {0.5 630 160} [get_bd_cells tutorialProcessor/fluterv64_tut_0]
set_property location {1 787 -186} [get_bd_cells tutorialProcessor/riscvReset]
set_property location {1.5 1340 1} [get_bd_cells tutorialProcessor/riscvBramController]
set_property location {2 1257 197} [get_bd_cells tutorialProcessor/psBramController]
set_property location {2.5 1648 115} [get_bd_cells tutorialProcessor/riscvBram]
set_property location {1981 49} [get_bd_pins tutorialProcessor/irq]
set_property location {2016 34} [get_bd_pins tutorialProcessor/irq]
set_property location {1954 77} [get_bd_pins tutorialProcessor/irq]
save_bd_design
